
> pennytor-backend@1.0.0 start
> nest start

(node:6200) [DEP0190] DeprecationWarning: Passing args to a child process with shell option true can lead to security vulnerabilities, as the arguments are not escaped, only concatenated.
(Use `node --trace-deprecation ...` to show where the warning was created)
[32m[Nest] 23220  - [39m08/13/2026, 7:39:18 PM [32m    LOG[39m [38;5;3m[NestFactory] [39m[32mStarting Nest application...[39m
[32m[Nest] 23220  - [39m08/13/2026, 7:39:18 PM [32m    LOG[39m [38;5;3m[InstanceLoader] [39m[32mConfigModule dependencies initialized[39m[38;5;3m +13ms[39m
[32m[Nest] 23220  - [39m08/13/2026, 7:39:18 PM [32m    LOG[39m [38;5;3m[InstanceLoader] [39m[32mPrismaModule dependencies initialized[39m[38;5;3m +3ms[39m
[32m[Nest] 23220  - [39m08/13/2026, 7:39:18 PM [32m    LOG[39m [38;5;3m[InstanceLoader] [39m[32mAuditModule dependencies initialized[39m[38;5;3m +1ms[39m
[32m[Nest] 23220  - [39m08/13/2026, 7:39:18 PM [32m    LOG[39m [38;5;3m[InstanceLoader] [39m[32mConfigHostModule dependencies initialized[39m[38;5;3m +0ms[39m
[32m[Nest] 23220  - [39m08/13/2026, 7:39:18 PM [32m    LOG[39m [38;5;3m[InstanceLoader] [39m[32mConfigModule dependencies initialized[39m[38;5;3m +1ms[39m
[32m[Nest] 23220  - [39m08/13/2026, 7:39:18 PM [32m    LOG[39m [38;5;3m[InstanceLoader] [39m[32mMailModule dependencies initialized[39m[38;5;3m +0ms[39m
[32m[Nest] 23220  - [39m08/13/2026, 7:39:18 PM [32m    LOG[39m [38;5;3m[InstanceLoader] [39m[32mOtpModule dependencies initialized[39m[38;5;3m +1ms[39m
[32m[Nest] 23220  - [39m08/13/2026, 7:39:18 PM [32m    LOG[39m [38;5;3m[InstanceLoader] [39m[32mSessionModule dependencies initialized[39m[38;5;3m +0ms[39m
[32m[Nest] 23220  - [39m08/13/2026, 7:39:18 PM [32m    LOG[39m [38;5;3m[InstanceLoader] [39m[32mCsrfModule dependencies initialized[39m[38;5;3m +0ms[39m
[32m[Nest] 23220  - [39m08/13/2026, 7:39:18 PM [32m    LOG[39m [38;5;3m[InstanceLoader] [39m[32mThrottlerModule dependencies initialized[39m[38;5;3m +0ms[39m
[32m[Nest] 23220  - [39m08/13/2026, 7:39:18 PM [32m    LOG[39m [38;5;3m[InstanceLoader] [39m[32mAppModule dependencies initialized[39m[38;5;3m +1ms[39m
[32m[Nest] 23220  - [39m08/13/2026, 7:39:18 PM [32m    LOG[39m [38;5;3m[InstanceLoader] [39m[32mUsersModule dependencies initialized[39m[38;5;3m +0ms[39m
[32m[Nest] 23220  - [39m08/13/2026, 7:39:18 PM [32m    LOG[39m [38;5;3m[InstanceLoader] [39m[32mKycModule dependencies initialized[39m[38;5;3m +0ms[39m
[32m[Nest] 23220  - [39m08/13/2026, 7:39:18 PM [32m    LOG[39m [38;5;3m[InstanceLoader] [39m[32mAuthModule dependencies initialized[39m[38;5;3m +0ms[39m
[32m[Nest] 23220  - [39m08/13/2026, 7:39:18 PM [32m    LOG[39m [38;5;3m[RoutesResolver] [39m[32mUsersController {/api/users}:[39m[38;5;3m +22ms[39m
[32m[Nest] 23220  - [39m08/13/2026, 7:39:18 PM [32m    LOG[39m [38;5;3m[RouterExplorer] [39m[32mMapped {/api/users/:id/approve, PATCH} route[39m[38;5;3m +2ms[39m
[32m[Nest] 23220  - [39m08/13/2026, 7:39:18 PM [32m    LOG[39m [38;5;3m[RoutesResolver] [39m[32mAuthController {/api/auth}:[39m[38;5;3m +0ms[39m
[32m[Nest] 23220  - [39m08/13/2026, 7:39:18 PM [32m    LOG[39m [38;5;3m[RouterExplorer] [39m[32mMapped {/api/auth/register, POST} route[39m[38;5;3m +0ms[39m
[32m[Nest] 23220  - [39m08/13/2026, 7:39:18 PM [32m    LOG[39m [38;5;3m[RouterExplorer] [39m[32mMapped {/api/auth/check-email, GET} route[39m[38;5;3m +0ms[39m
[32m[Nest] 23220  - [39m08/13/2026, 7:39:18 PM [32m    LOG[39m [38;5;3m[RouterExplorer] [39m[32mMapped {/api/auth/login, POST} route[39m[38;5;3m +0ms[39m
[32m[Nest] 23220  - [39m08/13/2026, 7:39:18 PM [32m    LOG[39m [38;5;3m[RouterExplorer] [39m[32mMapped {/api/auth/me, GET} route[39m[38;5;3m +0ms[39m
[32m[Nest] 23220  - [39m08/13/2026, 7:39:18 PM [32m    LOG[39m [38;5;3m[RouterExplorer] [39m[32mMapped {/api/auth/verify-email, POST} route[39m[38;5;3m +1ms[39m
[32m[Nest] 23220  - [39m08/13/2026, 7:39:18 PM [32m    LOG[39m [38;5;3m[RouterExplorer] [39m[32mMapped {/api/auth/resend-otp, POST} route[39m[38;5;3m +0ms[39m
[32m[Nest] 23220  - [39m08/13/2026, 7:39:18 PM [32m    LOG[39m [38;5;3m[RouterExplorer] [39m[32mMapped {/api/auth/logout, POST} route[39m[38;5;3m +0ms[39m
[32m[Nest] 23220  - [39m08/13/2026, 7:39:18 PM [32m    LOG[39m [38;5;3m[RouterExplorer] [39m[32mMapped {/api/auth/logout-all, POST} route[39m[38;5;3m +0ms[39m
[32m[Nest] 23220  - [39m08/13/2026, 7:39:18 PM [32m    LOG[39m [38;5;3m[RouterExplorer] [39m[32mMapped {/api/auth/forgot-password, POST} route[39m[38;5;3m +0ms[39m
[32m[Nest] 23220  - [39m08/13/2026, 7:39:18 PM [32m    LOG[39m [38;5;3m[RouterExplorer] [39m[32mMapped {/api/auth/reset-password, POST} route[39m[38;5;3m +0ms[39m
[32m[Nest] 23220  - [39m08/13/2026, 7:39:18 PM [32m    LOG[39m [38;5;3m[RouterExplorer] [39m[32mMapped {/api/auth/change-password, POST} route[39m[38;5;3m +0ms[39m
[32m[Nest] 23220  - [39m08/13/2026, 7:39:18 PM [32m    LOG[39m [38;5;3m[RoutesResolver] [39m[32mKycController {/api/kyc}:[39m[38;5;3m +1ms[39m
[32m[Nest] 23220  - [39m08/13/2026, 7:39:18 PM [32m    LOG[39m [38;5;3m[RouterExplorer] [39m[32mMapped {/api/kyc/applications, POST} route[39m[38;5;3m +0ms[39m
[32m[Nest] 23220  - [39m08/13/2026, 7:39:18 PM [32m    LOG[39m [38;5;3m[RouterExplorer] [39m[32mMapped {/api/kyc/applications/me, GET} route[39m[38;5;3m +0ms[39m
[32m[Nest] 23220  - [39m08/13/2026, 7:39:18 PM [32m    LOG[39m [38;5;3m[RouterExplorer] [39m[32mMapped {/api/kyc/applications/:applicationId/files, POST} route[39m[38;5;3m +0ms[39m
[32m[Nest] 23220  - [39m08/13/2026, 7:39:18 PM [32m    LOG[39m [38;5;3m[RouterExplorer] [39m[32mMapped {/api/kyc/applications/:applicationId/otp, POST} route[39m[38;5;3m +0ms[39m
[32m[Nest] 23220  - [39m08/13/2026, 7:39:18 PM [32m    LOG[39m [38;5;3m[RouterExplorer] [39m[32mMapped {/api/kyc/applications/:applicationId/submit, POST} route[39m[38;5;3m +0ms[39m
[32m[Nest] 23220  - [39m08/13/2026, 7:39:18 PM [32m    LOG[39m [38;5;3m[RoutesResolver] [39m[32mKycAdminController {/api/admin/kyc}:[39m[38;5;3m +1ms[39m
[32m[Nest] 23220  - [39m08/13/2026, 7:39:18 PM [32m    LOG[39m [38;5;3m[RouterExplorer] [39m[32mMapped {/api/admin/kyc/applications, GET} route[39m[38;5;3m +0ms[39m
[32m[Nest] 23220  - [39m08/13/2026, 7:39:18 PM [32m    LOG[39m [38;5;3m[RouterExplorer] [39m[32mMapped {/api/admin/kyc/applications/:applicationId, GET} route[39m[38;5;3m +0ms[39m
[32m[Nest] 23220  - [39m08/13/2026, 7:39:18 PM [32m    LOG[39m [38;5;3m[RouterExplorer] [39m[32mMapped {/api/admin/kyc/applications/:applicationId/files/:fileId, GET} route[39m[38;5;3m +0ms[39m
[32m[Nest] 23220  - [39m08/13/2026, 7:39:18 PM [32m    LOG[39m [38;5;3m[RouterExplorer] [39m[32mMapped {/api/admin/kyc/applications/:applicationId/files/:fileId/download, GET} route[39m[38;5;3m +0ms[39m
[32m[Nest] 23220  - [39m08/13/2026, 7:39:18 PM [32m    LOG[39m [38;5;3m[RouterExplorer] [39m[32mMapped {/api/admin/kyc/applications/:applicationId/files/:fileId, DELETE} route[39m[38;5;3m +0ms[39m
[32m[Nest] 23220  - [39m08/13/2026, 7:39:18 PM [32m    LOG[39m [38;5;3m[RouterExplorer] [39m[32mMapped {/api/admin/kyc/applications/:applicationId/status, PATCH} route[39m[38;5;3m +0ms[39m
[32m[Nest] 23220  - [39m08/13/2026, 7:39:18 PM [32m    LOG[39m [38;5;3m[PrismaService] [39m[32mDatabase connection established[39m
[32m[Nest] 23220  - [39m08/13/2026, 7:39:18 PM [32m    LOG[39m [38;5;3m[NestApplication] [39m[32mNest application successfully started[39m[38;5;3m +1ms[39m
[32m[Nest] 23220  - [39m08/13/2026, 7:39:18 PM [32m    LOG[39m [38;5;3m[Bootstrap] [39m[32mPennytor backend running on port 3001[39m
[32m[Nest] 23220  - [39m08/13/2026, 7:39:18 PM [32m    LOG[39m [38;5;3m[Bootstrap] [39m[32mhttp://localhost:3001[39m
Thu, 13 Aug 2026 14:27:06 GMT express deprecated res.clearCookie: Passing "options.maxAge" is deprecated. In v5.0.0 of Express, this option will be ignored, as res.clearCookie will automatically set cookies to expire immediately. Please update your code to omit this option. at dist\modules\auth\auth.controller.js:60:13
Thu, 13 Aug 2026 14:27:06 GMT express deprecated res.clearCookie: Passing "options.maxAge" is deprecated. In v5.0.0 of Express, this option will be ignored, as res.clearCookie will automatically set cookies to expire immediately. Please update your code to omit this option. at dist\modules\auth\auth.controller.js:61:13
